// Jest Snapshot v1, https://goo.gl/fbAQLP

exports[`Basic GET 1`] = `undefined`;
